// Jest Snapshot v1, https://goo.gl/fbAQLP

exports[`AudioWithTranscript should render properly 1`] = `
<div>
  <div
    class="flex justify-center items-center flex-col gap-2"
  >
    <h3
      aria-hidden="true"
      class="font-header dark:text-amber-50"
      id="audio-title--title-text"
    >
      title text
    </h3>
    <div />
    <div>
      <div>
        transcript text
      </div>
      <div>
        transcript text 2
      </div>
    </div>
  </div>
</div>
`;
